// Jest Snapshot v1, https://goo.gl/fbAQLP

exports[`Testing <Header/> RandomChar have rendered correctly 1`] = `
ShallowWrapper {
  Symbol(enzyme.__root__): [Circular],
  Symbol(enzyme.__unrendered__): <Header />,
  Symbol(enzyme.__renderer__): Object {
    "batchedUpdates": [Function],
    "checkPropTypes": [Function],
    "getNode": [Function],
    "render": [Function],
    "simulateError": [Function],
    "simulateEvent": [Function],
    "unmount": [Function],
  },
  Symbol(enzyme.__node__): Object {
    "instance": null,
    "key": undefined,
    "nodeType": "host",
    "props": Object {
      "children": Array [
        <h3
          className="HeaderTitle"
        >
          <Link
            replace={false}
            to="/"
          >
            Game of Thrones DB
          </Link>
        </h3>,
        <ul
          className="HeaderLinks"
        >
          <li>
            <Link
              replace={false}
              to="/characters/"
            >
              Characters
            </Link>
          </li>
          <li>
            <Link
              replace={false}
              to="/houses/"
            >
              Houses
            </Link>
          </li>
          <li>
            <Link
              replace={false}
              to="/books/"
            >
              Books
            </Link>
          </li>
        </ul>,
      ],
      "className": "HeaderBlock",
    },
    "ref": null,
    "rendered": Array [
      Object {
        "instance": null,
        "key": undefined,
        "nodeType": "host",
        "props": Object {
          "children": <Link
            replace={false}
            to="/"
          >
            Game of Thrones DB
          </Link>,
          "className": "HeaderTitle",
        },
        "ref": null,
        "rendered": Object {
          "instance": null,
          "key": undefined,
          "nodeType": "class",
          "props": Object {
            "children": "Game of Thrones DB",
            "replace": false,
            "to": "/",
          },
          "ref": null,
          "rendered": "Game of Thrones DB",
          "type": [Function],
        },
        "type": "h3",
      },
      Object {
        "instance": null,
        "key": undefined,
        "nodeType": "host",
        "props": Object {
          "children": Array [
            <li>
              <Link
                replace={false}
                to="/characters/"
              >
                Characters
              </Link>
            </li>,
            <li>
              <Link
                replace={false}
                to="/houses/"
              >
                Houses
              </Link>
            </li>,
            <li>
              <Link
                replace={false}
                to="/books/"
              >
                Books
              </Link>
            </li>,
          ],
          "className": "HeaderLinks",
        },
        "ref": null,
        "rendered": Array [
          Object {
            "instance": null,
            "key": undefined,
            "nodeType": "host",
            "props": Object {
              "children": <Link
                replace={false}
                to="/characters/"
              >
                Characters
              </Link>,
            },
            "ref": null,
            "rendered": Object {
              "instance": null,
              "key": undefined,
              "nodeType": "class",
              "props": Object {
                "children": "Characters",
                "replace": false,
                "to": "/characters/",
              },
              "ref": null,
              "rendered": "Characters",
              "type": [Function],
            },
            "type": "li",
          },
          Object {
            "instance": null,
            "key": undefined,
            "nodeType": "host",
            "props": Object {
              "children": <Link
                replace={false}
                to="/houses/"
              >
                Houses
              </Link>,
            },
            "ref": null,
            "rendered": Object {
              "instance": null,
              "key": undefined,
              "nodeType": "class",
              "props": Object {
                "children": "Houses",
                "replace": false,
                "to": "/houses/",
              },
              "ref": null,
              "rendered": "Houses",
              "type": [Function],
            },
            "type": "li",
          },
          Object {
            "instance": null,
            "key": undefined,
            "nodeType": "host",
            "props": Object {
              "children": <Link
                replace={false}
                to="/books/"
              >
                Books
              </Link>,
            },
            "ref": null,
            "rendered": Object {
              "instance": null,
              "key": undefined,
              "nodeType": "class",
              "props": Object {
                "children": "Books",
                "replace": false,
                "to": "/books/",
              },
              "ref": null,
              "rendered": "Books",
              "type": [Function],
            },
            "type": "li",
          },
        ],
        "type": "ul",
      },
    ],
    "type": "div",
  },
  Symbol(enzyme.__nodes__): Array [
    Object {
      "instance": null,
      "key": undefined,
      "nodeType": "host",
      "props": Object {
        "children": Array [
          <h3
            className="HeaderTitle"
          >
            <Link
              replace={false}
              to="/"
            >
              Game of Thrones DB
            </Link>
          </h3>,
          <ul
            className="HeaderLinks"
          >
            <li>
              <Link
                replace={false}
                to="/characters/"
              >
                Characters
              </Link>
            </li>
            <li>
              <Link
                replace={false}
                to="/houses/"
              >
                Houses
              </Link>
            </li>
            <li>
              <Link
                replace={false}
                to="/books/"
              >
                Books
              </Link>
            </li>
          </ul>,
        ],
        "className": "HeaderBlock",
      },
      "ref": null,
      "rendered": Array [
        Object {
          "instance": null,
          "key": undefined,
          "nodeType": "host",
          "props": Object {
            "children": <Link
              replace={false}
              to="/"
            >
              Game of Thrones DB
            </Link>,
            "className": "HeaderTitle",
          },
          "ref": null,
          "rendered": Object {
            "instance": null,
            "key": undefined,
            "nodeType": "class",
            "props": Object {
              "children": "Game of Thrones DB",
              "replace": false,
              "to": "/",
            },
            "ref": null,
            "rendered": "Game of Thrones DB",
            "type": [Function],
          },
          "type": "h3",
        },
        Object {
          "instance": null,
          "key": undefined,
          "nodeType": "host",
          "props": Object {
            "children": Array [
              <li>
                <Link
                  replace={false}
                  to="/characters/"
                >
                  Characters
                </Link>
              </li>,
              <li>
                <Link
                  replace={false}
                  to="/houses/"
                >
                  Houses
                </Link>
              </li>,
              <li>
                <Link
                  replace={false}
                  to="/books/"
                >
                  Books
                </Link>
              </li>,
            ],
            "className": "HeaderLinks",
          },
          "ref": null,
          "rendered": Array [
            Object {
              "instance": null,
              "key": undefined,
              "nodeType": "host",
              "props": Object {
                "children": <Link
                  replace={false}
                  to="/characters/"
                >
                  Characters
                </Link>,
              },
              "ref": null,
              "rendered": Object {
                "instance": null,
                "key": undefined,
                "nodeType": "class",
                "props": Object {
                  "children": "Characters",
                  "replace": false,
                  "to": "/characters/",
                },
                "ref": null,
                "rendered": "Characters",
                "type": [Function],
              },
              "type": "li",
            },
            Object {
              "instance": null,
              "key": undefined,
              "nodeType": "host",
              "props": Object {
                "children": <Link
                  replace={false}
                  to="/houses/"
                >
                  Houses
                </Link>,
              },
              "ref": null,
              "rendered": Object {
                "instance": null,
                "key": undefined,
                "nodeType": "class",
                "props": Object {
                  "children": "Houses",
                  "replace": false,
                  "to": "/houses/",
                },
                "ref": null,
                "rendered": "Houses",
                "type": [Function],
              },
              "type": "li",
            },
            Object {
              "instance": null,
              "key": undefined,
              "nodeType": "host",
              "props": Object {
                "children": <Link
                  replace={false}
                  to="/books/"
                >
                  Books
                </Link>,
              },
              "ref": null,
              "rendered": Object {
                "instance": null,
                "key": undefined,
                "nodeType": "class",
                "props": Object {
                  "children": "Books",
                  "replace": false,
                  "to": "/books/",
                },
                "ref": null,
                "rendered": "Books",
                "type": [Function],
              },
              "type": "li",
            },
          ],
          "type": "ul",
        },
      ],
      "type": "div",
    },
  ],
  Symbol(enzyme.__options__): Object {
    "adapter": ReactSixteenAdapter {
      "options": Object {
        "enableComponentDidUpdateOnSetState": true,
        "legacyContextMode": "parent",
        "lifecycles": Object {
          "componentDidUpdate": Object {
            "onSetState": true,
          },
          "getChildContext": Object {
            "calledByRenderer": false,
          },
          "getDerivedStateFromProps": true,
          "getSnapshotBeforeUpdate": true,
          "setState": Object {
            "skipsComponentDidUpdateOnNullish": true,
          },
        },
      },
    },
  },
}
`;
